// Jest Snapshot v1, https://goo.gl/fbAQLP

exports[`Alert error renders correctly 1`] = `
<DocumentFragment>
  <div
    class="alert"
  >
    Error!
  </div>
</DocumentFragment>
`;
